
> frontend@0.1.0 dev
> next dev --port 3000

▲ Next.js 16.2.10 (Turbopack)
- Local:         http://localhost:3000
- Network:       http://10.2.0.2:3000
✓ Ready in 7.4s
Attention: Next.js now collects completely anonymous telemetry regarding usage.
This information is used to shape Next.js' roadmap and prioritize features.
You can learn more, including how to opt-out if you'd not like to participate in this anonymous program, by visiting the following URL:
https://nextjs.org/telemetry

Creating turbopack project {
  dir: 'C:\\Users\\INTEL CENTER\\Documents\\GitHub\\hexaterminal\\frontend',
  testMode: true
}
○ Compiling proxy ...

○ Compiling /[locale] ...
 GET /en 200 in 38.4s (next.js: 18.7s, proxy.ts: 9ms, generate-params: 1431ms, application-code: 19.7s)
 GET /en 200 in 385ms (next.js: 74ms, proxy.ts: 8ms, generate-params: 10ms, application-code: 303ms)
 GET /en 200 in 400ms (next.js: 29ms, proxy.ts: 6ms, generate-params: 12ms, application-code: 365ms)
 GET /en 200 in 353ms (next.js: 64ms, proxy.ts: 8ms, generate-params: 56µs, application-code: 282ms)
○ Compiling /[locale]/start-a-project ...
 GET /en/start-a-project 200 in 5.4s (next.js: 5.0s, proxy.ts: 19ms, generate-params: 971ms, application-code: 328ms)
 GET /en/start-a-project 200 in 660ms (next.js: 34ms, proxy.ts: 13ms, generate-params: 14ms, application-code: 614ms)
 POST /api/csp-report 204 in 37ms (next.js: 21ms, application-code: 16ms)
 GET /en/start-a-project 200 in 279ms (next.js: 21ms, proxy.ts: 9ms, generate-params: 8ms, application-code: 249ms)
 POST /api/csp-report 204 in 33ms (next.js: 19ms, application-code: 14ms)
 GET /ar/start-a-project 200 in 293ms (next.js: 21ms, proxy.ts: 8ms, generate-params: 10ms, application-code: 265ms)
 POST /api/csp-report 204 in 33ms (next.js: 20ms, application-code: 13ms)
 GET /en/start-a-project 200 in 280ms (next.js: 14ms, proxy.ts: 6ms, generate-params: 6ms, application-code: 260ms)
 POST /api/csp-report 204 in 17ms (next.js: 6ms, application-code: 11ms)
 GET /en/start-a-project 200 in 338ms (next.js: 19ms, proxy.ts: 7ms, generate-params: 8ms, application-code: 312ms)
 POST /api/csp-report 204 in 40ms (next.js: 15ms, application-code: 25ms)
 GET /en/start-a-project 200 in 265ms (next.js: 15ms, proxy.ts: 5ms, generate-params: 6ms, application-code: 245ms)
 POST /api/csp-report 204 in 22ms (next.js: 12ms, application-code: 10ms)
 GET /en/start-a-project 200 in 203ms (next.js: 17ms, proxy.ts: 6ms, generate-params: 8ms, application-code: 180ms)
 GET /en 200 in 310ms (next.js: 17ms, proxy.ts: 4ms, generate-params: 6ms, application-code: 289ms)
 GET /en 200 in 309ms (next.js: 15ms, proxy.ts: 6ms, generate-params: 42µs, application-code: 287ms)
 GET /en/start-a-project 200 in 371ms (next.js: 20ms, proxy.ts: 13ms, generate-params: 8ms, application-code: 338ms)
 POST /api/csp-report 204 in 46ms (next.js: 35ms, application-code: 12ms)
 GET /en/start-a-project 200 in 352ms (next.js: 30ms, proxy.ts: 7ms, generate-params: 29µs, application-code: 316ms)
 POST /api/csp-report 204 in 58ms (next.js: 47ms, application-code: 11ms)
 GET /en/start-a-project 200 in 476ms (next.js: 23ms, proxy.ts: 7ms, generate-params: 11ms, application-code: 446ms)
 POST /api/csp-report 204 in 53ms (next.js: 25ms, application-code: 29ms)
 GET /ar/start-a-project 200 in 350ms (next.js: 18ms, proxy.ts: 6ms, generate-params: 6ms, application-code: 327ms)
 POST /api/csp-report 204 in 47ms (next.js: 34ms, application-code: 13ms)
 GET /en/start-a-project 200 in 249ms (next.js: 11ms, proxy.ts: 10ms, generate-params: 31µs, application-code: 228ms)
 POST /api/csp-report 204 in 21ms (next.js: 10ms, application-code: 11ms)
 GET /en/start-a-project 200 in 264ms (next.js: 17ms, proxy.ts: 6ms, generate-params: 8ms, application-code: 241ms)
 POST /api/csp-report 204 in 26ms (next.js: 18ms, application-code: 8ms)
 GET /en/start-a-project 200 in 331ms (next.js: 40ms, proxy.ts: 11ms, generate-params: 12ms, application-code: 280ms)
 POST /api/csp-report 204 in 42ms (next.js: 18ms, application-code: 24ms)
