npm warn cleanup Failed to remove some directories [
npm warn cleanup   [
npm warn cleanup     '\\\\?\\C:\\Users\\INTEL CENTER\\Documents\\GitHub\\hexaterminal\\frontend\\node_modules\\sharp',
npm warn cleanup     [Error: EBUSY: resource busy or locked, rmdir 'C:\Users\INTEL CENTER\Documents\GitHub\hexaterminal\frontend\node_modules\sharp'] {
npm warn cleanup       errno: -4082,
npm warn cleanup       code: 'EBUSY',
npm warn cleanup       syscall: 'rmdir',
npm warn cleanup       path: 'C:\\Users\\INTEL CENTER\\Documents\\GitHub\\hexaterminal\\frontend\\node_modules\\sharp'
npm warn cleanup     }
npm warn cleanup   ],
npm warn cleanup   [
npm warn cleanup     '\\\\?\\C:\\Users\\INTEL CENTER\\Documents\\GitHub\\hexaterminal\\frontend\\node_modules\\@swc',
npm warn cleanup     [Error: EPERM: operation not permitted, rmdir 'C:\Users\INTEL CENTER\Documents\GitHub\hexaterminal\frontend\node_modules\@swc\helpers\cjs'] {
npm warn cleanup       errno: -4048,
npm warn cleanup       code: 'EPERM',
npm warn cleanup       syscall: 'rmdir',
npm warn cleanup       path: 'C:\\Users\\INTEL CENTER\\Documents\\GitHub\\hexaterminal\\frontend\\node_modules\\@swc\\helpers\\cjs'
npm warn cleanup     }
npm warn cleanup   ],
npm warn cleanup   [
npm warn cleanup     '\\\\?\\C:\\Users\\INTEL CENTER\\Documents\\GitHub\\hexaterminal\\frontend\\node_modules\\@typescript-eslint\\utils',
npm warn cleanup     [Error: EPERM: operation not permitted, rmdir 'C:\Users\INTEL CENTER\Documents\GitHub\hexaterminal\frontend\node_modules\@typescript-eslint\utils'] {
npm warn cleanup       errno: -4048,
npm warn cleanup       code: 'EPERM',
npm warn cleanup       syscall: 'rmdir',
npm warn cleanup       path: 'C:\\Users\\INTEL CENTER\\Documents\\GitHub\\hexaterminal\\frontend\\node_modules\\@typescript-eslint\\utils'
npm warn cleanup     }
npm warn cleanup   ],
npm warn cleanup   [
npm warn cleanup     '\\\\?\\C:\\Users\\INTEL CENTER\\Documents\\GitHub\\hexaterminal\\frontend\\node_modules\\next',
npm warn cleanup     [Error: EPERM: operation not permitted, rmdir 'C:\Users\INTEL CENTER\Documents\GitHub\hexaterminal\frontend\node_modules\next\dist\shared'] {
npm warn cleanup       errno: -4048,
npm warn cleanup       code: 'EPERM',
npm warn cleanup       syscall: 'rmdir',
npm warn cleanup       path: 'C:\\Users\\INTEL CENTER\\Documents\\GitHub\\hexaterminal\\frontend\\node_modules\\next\\dist\\shared'
npm warn cleanup     }
npm warn cleanup   ],
npm warn cleanup   [
npm warn cleanup     '\\\\?\\C:\\Users\\INTEL CENTER\\Documents\\GitHub\\hexaterminal\\frontend\\node_modules',
npm warn cleanup     [Error: EPERM: operation not permitted, rmdir 'C:\Users\INTEL CENTER\Documents\GitHub\hexaterminal\frontend\node_modules\next-intl\dist'] {
npm warn cleanup       errno: -4048,
npm warn cleanup       code: 'EPERM',
npm warn cleanup       syscall: 'rmdir',
npm warn cleanup       path: 'C:\\Users\\INTEL CENTER\\Documents\\GitHub\\hexaterminal\\frontend\\node_modules\\next-intl\\dist'
npm warn cleanup     }
npm warn cleanup   ]
npm warn cleanup ]
npm error code 1
npm error path C:\Users\INTEL CENTER\Documents\GitHub\hexaterminal\frontend\node_modules\@parcel\watcher
npm error command failed
npm error command C:\Windows\system32\cmd.exe /d /s /c node scripts/build-from-source.js
npm error 'node' is not recognized as an internal or external command,
npm error operable program or batch file.
npm error A complete log of this run can be found in: C:\Users\INTEL CENTER\AppData\Local\npm-cache\_logs\2026-08-11T20_55_42_751Z-debug-0.log
